[2026-08-12 15:18:59] [INFO] 启动监控: 车次Z67 日期2026-08-26(还有14天) 区间['北京', '北京西', '北京东']->['哈尔滨西', '哈尔滨'] 席位:软卧
[2026-08-12 15:19:04] [INFO] 站点代码表已获取,共 3382 个站
[2026-08-12 15:19:08] [INFO] 找到车次 Z67  北京->哈尔滨西  发20:56 到09:22 历时12:26  席别[42] 软卧[有] 硬卧[] 硬座[] 软座[有] 二等[] 一等[] 无座[]
[2026-08-12 15:19:09] [INFO] 找到车次 Z67  北京->哈尔滨  发20:56 到09:22 历时12:26  席别[42] 软卧[有] 硬卧[] 硬座[] 软座[有] 二等[] 一等[] 无座[]
[2026-08-12 15:19:10] [INFO] 找到车次 Z67  北京西->哈尔滨西  发20:56 到09:22 历时12:26  席别[42] 软卧[有] 硬卧[] 硬座[] 软座[有] 二等[] 一等[] 无座[]
[2026-08-12 15:19:11] [INFO] 找到车次 Z67  北京西->哈尔滨  发20:56 到09:22 历时12:26  席别[42] 软卧[有] 硬卧[] 硬座[] 软座[有] 二等[] 一等[] 无座[]
[2026-08-12 15:19:14] [INFO] 找到车次 Z67  北京东->哈尔滨西  发20:56 到09:22 历时12:26  席别[42] 软卧[有] 硬卧[] 硬座[] 软座[有] 二等[] 一等[] 无座[]
[2026-08-12 15:19:16] [INFO] 找到车次 Z67  北京东->哈尔滨  发20:56 到09:22 历时12:26  席别[42] 软卧[有] 硬卧[] 硬座[] 软座[有] 二等[] 一等[] 无座[]
[2026-08-12 15:19:17] [INFO] 推送成功
[2026-08-12 15:19:17] [INFO] 云端首次运行,已推送启动消息
[2026-08-12 18:07:38] [INFO] 启动监控: 车次Z67 日期2026-08-26(还有14天) 区间['北京', '北京西', '北京东']->['哈尔滨西', '哈尔滨'] 席位:软卧
[2026-08-12 18:07:42] [INFO] 站点代码表已获取,共 3382 个站
[2026-08-12 18:07:43] [INFO] 找到车次 Z67  北京->哈尔滨西  发20:56 到09:22 历时12:26  席别[42] 软卧[有] 硬卧[] 硬座[] 软座[有] 二等[] 一等[] 无座[]
[2026-08-12 18:07:44] [INFO] 找到车次 Z67  北京->哈尔滨  发20:56 到09:22 历时12:26  席别[42] 软卧[有] 硬卧[] 硬座[] 软座[有] 二等[] 一等[] 无座[]
[2026-08-12 18:07:45] [INFO] 找到车次 Z67  北京西->哈尔滨西  发20:56 到09:22 历时12:26  席别[42] 软卧[有] 硬卧[] 硬座[] 软座[有] 二等[] 一等[] 无座[]
[2026-08-12 18:07:47] [INFO] 找到车次 Z67  北京西->哈尔滨  发20:56 到09:22 历时12:26  席别[42] 软卧[有] 硬卧[] 硬座[] 软座[有] 二等[] 一等[] 无座[]
[2026-08-12 18:07:48] [INFO] 找到车次 Z67  北京东->哈尔滨西  发20:56 到09:22 历时12:26  席别[42] 软卧[有] 硬卧[] 硬座[] 软座[有] 二等[] 一等[] 无座[]
[2026-08-12 18:07:49] [INFO] 找到车次 Z67  北京东->哈尔滨  发20:56 到09:22 历时12:26  席别[42] 软卧[有] 硬卧[] 硬座[] 软座[有] 二等[] 一等[] 无座[]
[2026-08-12 18:07:49] [INFO] 状态未变化(ok),不推送
[2026-08-12 20:23:17] [INFO] 启动监控: 车次Z67 日期2026-08-26(还有14天) 区间['北京', '北京西', '北京东']->['哈尔滨西', '哈尔滨'] 席位:软卧
[2026-08-12 20:23:20] [INFO] 站点代码表已获取,共 3382 个站
[2026-08-12 20:23:21] [INFO] 找到车次 Z67  北京->哈尔滨西  发20:56 到09:22 历时12:26  席别[42] 软卧[有] 硬卧[] 硬座[] 软座[有] 二等[] 一等[] 无座[]
[2026-08-12 20:23:22] [INFO] 找到车次 Z67  北京->哈尔滨  发20:56 到09:22 历时12:26  席别[42] 软卧[有] 硬卧[] 硬座[] 软座[有] 二等[] 一等[] 无座[]
[2026-08-12 20:23:23] [INFO] 找到车次 Z67  北京西->哈尔滨西  发20:56 到09:22 历时12:26  席别[42] 软卧[有] 硬卧[] 硬座[] 软座[有] 二等[] 一等[] 无座[]
[2026-08-12 20:23:25] [INFO] 找到车次 Z67  北京西->哈尔滨  发20:56 到09:22 历时12:26  席别[42] 软卧[有] 硬卧[] 硬座[] 软座[有] 二等[] 一等[] 无座[]
[2026-08-12 20:23:26] [INFO] 找到车次 Z67  北京东->哈尔滨西  发20:56 到09:22 历时12:26  席别[42] 软卧[有] 硬卧[] 硬座[] 软座[有] 二等[] 一等[] 无座[]
[2026-08-12 20:23:27] [INFO] 找到车次 Z67  北京东->哈尔滨  发20:56 到09:22 历时12:26  席别[42] 软卧[有] 硬卧[] 硬座[] 软座[有] 二等[] 一等[] 无座[]
[2026-08-12 20:23:27] [INFO] 状态未变化(ok),不推送
[2026-08-12 22:25:53] [INFO] 启动监控: 车次Z67 日期2026-08-26(还有14天) 区间['北京', '北京西', '北京东']->['哈尔滨西', '哈尔滨'] 席位:软卧
[2026-08-12 22:25:55] [INFO] 站点代码表已获取,共 3382 个站
[2026-08-12 22:25:56] [INFO] 找到车次 Z67  北京->哈尔滨西  发20:56 到09:22 历时12:26  席别[42] 软卧[有] 硬卧[] 硬座[] 软座[有] 二等[] 一等[] 无座[]
[2026-08-12 22:25:57] [INFO] 找到车次 Z67  北京->哈尔滨  发20:56 到09:22 历时12:26  席别[42] 软卧[有] 硬卧[] 硬座[] 软座[有] 二等[] 一等[] 无座[]
[2026-08-12 22:25:58] [INFO] 找到车次 Z67  北京西->哈尔滨西  发20:56 到09:22 历时12:26  席别[42] 软卧[有] 硬卧[] 硬座[] 软座[有] 二等[] 一等[] 无座[]
[2026-08-12 22:25:59] [INFO] 找到车次 Z67  北京西->哈尔滨  发20:56 到09:22 历时12:26  席别[42] 软卧[有] 硬卧[] 硬座[] 软座[有] 二等[] 一等[] 无座[]
[2026-08-12 22:26:00] [INFO] 找到车次 Z67  北京东->哈尔滨西  发20:56 到09:22 历时12:26  席别[42] 软卧[有] 硬卧[] 硬座[] 软座[有] 二等[] 一等[] 无座[]
[2026-08-12 22:26:00] [INFO] 找到车次 Z67  北京东->哈尔滨  发20:56 到09:22 历时12:26  席别[42] 软卧[有] 硬卧[] 硬座[] 软座[有] 二等[] 一等[] 无座[]
[2026-08-12 22:26:00] [INFO] 状态未变化(ok),不推送
[2026-08-13 05:18:30] [INFO] 启动监控: 车次Z67 日期2026-08-26(还有13天) 区间['北京', '北京西', '北京东']->['哈尔滨西', '哈尔滨'] 席位:软卧
[2026-08-13 05:18:35] [INFO] 站点代码表已获取,共 3382 个站
[2026-08-13 05:18:36] [INFO] 找到车次 Z67  北京->哈尔滨西  发20:56 到09:22 历时12:26  席别[42] 软卧[有] 硬卧[] 硬座[] 软座[有] 二等[] 一等[] 无座[]
[2026-08-13 05:18:37] [INFO] 找到车次 Z67  北京->哈尔滨  发20:56 到09:22 历时12:26  席别[42] 软卧[有] 硬卧[] 硬座[] 软座[有] 二等[] 一等[] 无座[]
[2026-08-13 05:18:39] [INFO] 找到车次 Z67  北京西->哈尔滨西  发20:56 到09:22 历时12:26  席别[42] 软卧[有] 硬卧[] 硬座[] 软座[有] 二等[] 一等[] 无座[]
[2026-08-13 05:18:40] [INFO] 找到车次 Z67  北京西->哈尔滨  发20:56 到09:22 历时12:26  席别[42] 软卧[有] 硬卧[] 硬座[] 软座[有] 二等[] 一等[] 无座[]
[2026-08-13 05:18:41] [INFO] 找到车次 Z67  北京东->哈尔滨西  发20:56 到09:22 历时12:26  席别[42] 软卧[有] 硬卧[] 硬座[] 软座[有] 二等[] 一等[] 无座[]
[2026-08-13 05:18:44] [INFO] 找到车次 Z67  北京东->哈尔滨  发20:56 到09:22 历时12:26  席别[42] 软卧[有] 硬卧[] 硬座[] 软座[有] 二等[] 一等[] 无座[]
[2026-08-13 05:18:44] [INFO] 状态未变化(ok),不推送
